###############################################################################
#
# IAR ELF Linker V9.20.4.327/W64 for ARM                  06/Jun/2022  16:36:42
# Copyright 2007-2022 IAR Systems AB.
#
#    Output file  =
#        C:\Users\Attilio\Documents\GitHub\MCU\src\PA0_EXTI\Debug\Exe\exti_PA0.out
#    Map file     =
#        C:\Users\Attilio\Documents\GitHub\MCU\src\PA0_EXTI\Debug\List\exti_PA0.map
#    Command line =
#        -f
#        C:\Users\Attilio\Documents\GitHub\MCU\src\PA0_EXTI\Debug\Exe\exti_PA0.out.rsp
#        (C:\Users\Attilio\Documents\GitHub\MCU\src\PA0_EXTI\Debug\Obj\main.o
#        C:\Users\Attilio\Documents\GitHub\MCU\src\PA0_EXTI\Debug\Obj\startup_stm32f30x.o
#        C:\Users\Attilio\Documents\GitHub\MCU\src\PA0_EXTI\Debug\Obj\stm32f3x_api.o
#        C:\Users\Attilio\Documents\GitHub\MCU\src\PA0_EXTI\Debug\Obj\system_stm32f30x.o
#        --no_out_extension -o
#        C:\Users\Attilio\Documents\GitHub\MCU\src\PA0_EXTI\Debug\Exe\exti_PA0.out
#        --redirect _Printf=_PrintfFullNoMb --redirect _Scanf=_ScanfFullNoMb
#        --map
#        C:\Users\Attilio\Documents\GitHub\MCU\src\PA0_EXTI\Debug\List\exti_PA0.map
#        --config "C:\Program Files\IAR Systems\Embedded Workbench
#        9.0\arm\config\linker\ST\stm32f303xC.icf" --semihosting --entry
#        __iar_program_start --vfe --text_out locale)
#
###############################################################################

*******************************************************************************
*** RUNTIME MODEL ATTRIBUTES
***

CppFlavor       = *
__CPP_Runtime   = 1
__SystemLibrary = DLib
__dlib_version  = 6


*******************************************************************************
*** HEAP SELECTION
***

The basic heap was selected because some modules are built with
size limitations (and not runtime checking), and --advanced_heap
was not specified.


*******************************************************************************
*** PLACEMENT SUMMARY
***

"A0":  place at address 0x800'0000 { ro section .intvec };
"P1":  place in [from 0x800'0000 to 0x803'ffff] { ro };
define block CSTACK with size = 8K, alignment = 8 { };
define block HEAP with size = 8K, alignment = 8 { };
"P2":  place in [from 0x2000'0000 to 0x2000'9fff] {
          rw, block CSTACK, block HEAP };
initialize by copy { rw };

No sections matched the following patterns:

  section .ccmram  in "P3"


  Section            Kind         Address    Size  Object
  -------            ----         -------    ----  ------
"A0":                                       0x188
  .intvec            ro code   0x800'0000   0x188  startup_stm32f30x.o [1]
                             - 0x800'0188   0x188

"P1":                                       0x4d0
  .text              ro code   0x800'0188   0x118  system_stm32f30x.o [1]
  .text              ro code   0x800'02a0    0xd4  main.o [1]
  .text              ro code   0x800'0374    0xb6  stm32f3x_api.o [1]
  .text              ro code   0x800'042a    0x2a  copy_init3.o [4]
  .text              ro code   0x800'0454    0x28  data_init.o [4]
  .text              ro code   0x800'047c    0x22  fpinit_M.o [3]
  .iar.init_table    const     0x800'04a0    0x14  - Linker created -
  .text              ro code   0x800'04b4    0x1e  cmain.o [4]
  .text              ro code   0x800'04d2     0x4  low_level_init.o [2]
  .text              ro code   0x800'04d6     0x4  exit.o [2]
  .text              ro code   0x800'04dc     0xa  cexit.o [4]
  .text              ro code   0x800'04e8    0x14  exit.o [5]
  .text              ro code   0x800'04fc    0x1c  cstartup_M.o [4]
  .text              ro code   0x800'0518    0x10  startup_stm32f30x.o [1]
  Initializer bytes  const     0x800'0528     0x8  <for P2-1>
  .text              ro code   0x800'0530     0x4  startup_stm32f30x.o [1]
  .text              ro code   0x800'0534     0x4  startup_stm32f30x.o [1]
  .text              ro code   0x800'0538     0x4  startup_stm32f30x.o [1]
  .text              ro code   0x800'053c     0x4  startup_stm32f30x.o [1]
  .text              ro code   0x800'0540     0x4  startup_stm32f30x.o [1]
  .text              ro code   0x800'0544     0x4  startup_stm32f30x.o [1]
  .text              ro code   0x800'0548     0x4  startup_stm32f30x.o [1]
  .text              ro code   0x800'054c     0x4  startup_stm32f30x.o [1]
  .text              ro code   0x800'0550     0x4  startup_stm32f30x.o [1]
  .text              ro code   0x800'0554     0x4  startup_stm32f30x.o [1]
  .text              ro code   0x800'0558     0x4  startup_stm32f30x.o [1]
  .text              ro code   0x800'055c     0x4  startup_stm32f30x.o [1]
  .text              ro code   0x800'0560     0x4  startup_stm32f30x.o [1]
  .text              ro code   0x800'0564     0x4  startup_stm32f30x.o [1]
  .text              ro code   0x800'0568     0x4  startup_stm32f30x.o [1]
  .text              ro code   0x800'056c     0x4  startup_stm32f30x.o [1]
  .text              ro code   0x800'0570     0x4  startup_stm32f30x.o [1]
  .text              ro code   0x800'0574     0x4  startup_stm32f30x.o [1]
  .text              ro code   0x800'0578     0x4  startup_stm32f30x.o [1]
  .text              ro code   0x800'057c     0x4  startup_stm32f30x.o [1]
  .text              ro code   0x800'0580     0x4  startup_stm32f30x.o [1]
  .text              ro code   0x800'0584     0x4  startup_stm32f30x.o [1]
  .text              ro code   0x800'0588     0x4  startup_stm32f30x.o [1]
  .text              ro code   0x800'058c     0x4  startup_stm32f30x.o [1]
  .text              ro code   0x800'0590     0x4  startup_stm32f30x.o [1]
  .text              ro code   0x800'0594     0x4  startup_stm32f30x.o [1]
  .text              ro code   0x800'0598     0x4  startup_stm32f30x.o [1]
  .text              ro code   0x800'059c     0x4  startup_stm32f30x.o [1]
  .text              ro code   0x800'05a0     0x4  startup_stm32f30x.o [1]
  .text              ro code   0x800'05a4     0x4  startup_stm32f30x.o [1]
  .text              ro code   0x800'05a8     0x4  startup_stm32f30x.o [1]
  .text              ro code   0x800'05ac     0x4  startup_stm32f30x.o [1]
  .text              ro code   0x800'05b0     0x4  startup_stm32f30x.o [1]
  .text              ro code   0x800'05b4     0x4  startup_stm32f30x.o [1]
  .text              ro code   0x800'05b8     0x4  startup_stm32f30x.o [1]
  .text              ro code   0x800'05bc     0x4  startup_stm32f30x.o [1]
  .text              ro code   0x800'05c0     0x4  startup_stm32f30x.o [1]
  .text              ro code   0x800'05c4     0x4  startup_stm32f30x.o [1]
  .text              ro code   0x800'05c8     0x4  startup_stm32f30x.o [1]
  .text              ro code   0x800'05cc     0x4  startup_stm32f30x.o [1]
  .text              ro code   0x800'05d0     0x4  startup_stm32f30x.o [1]
  .text              ro code   0x800'05d4     0x4  startup_stm32f30x.o [1]
  .text              ro code   0x800'05d8     0x4  startup_stm32f30x.o [1]
  .text              ro code   0x800'05dc     0x4  startup_stm32f30x.o [1]
  .text              ro code   0x800'05e0     0x4  startup_stm32f30x.o [1]
  .text              ro code   0x800'05e4     0x4  startup_stm32f30x.o [1]
  .text              ro code   0x800'05e8     0x4  startup_stm32f30x.o [1]
  .text              ro code   0x800'05ec     0x4  startup_stm32f30x.o [1]
  .text              ro code   0x800'05f0     0x4  startup_stm32f30x.o [1]
  .text              ro code   0x800'05f4     0x4  startup_stm32f30x.o [1]
  .text              ro code   0x800'05f8     0x4  startup_stm32f30x.o [1]
  .text              ro code   0x800'05fc     0x4  startup_stm32f30x.o [1]
  .text              ro code   0x800'0600     0x4  startup_stm32f30x.o [1]
  .text              ro code   0x800'0604     0x4  startup_stm32f30x.o [1]
  .text              ro code   0x800'0608     0x4  startup_stm32f30x.o [1]
  .text              ro code   0x800'060c     0x4  startup_stm32f30x.o [1]
  .text              ro code   0x800'0610     0x4  startup_stm32f30x.o [1]
  .text              ro code   0x800'0614     0x4  startup_stm32f30x.o [1]
  .text              ro code   0x800'0618     0x4  startup_stm32f30x.o [1]
  .text              ro code   0x800'061c     0x4  startup_stm32f30x.o [1]
  .text              ro code   0x800'0620     0x4  startup_stm32f30x.o [1]
  .text              ro code   0x800'0624     0x4  startup_stm32f30x.o [1]
  .text              ro code   0x800'0628     0x4  startup_stm32f30x.o [1]
  .text              ro code   0x800'062c     0x4  startup_stm32f30x.o [1]
  .text              ro code   0x800'0630     0x4  startup_stm32f30x.o [1]
  .text              ro code   0x800'0634     0x4  startup_stm32f30x.o [1]
  .text              ro code   0x800'0638     0x4  startup_stm32f30x.o [1]
  .text              ro code   0x800'063c     0x4  startup_stm32f30x.o [1]
  .text              ro code   0x800'0640     0x4  startup_stm32f30x.o [1]
  .text              ro code   0x800'0644     0x4  startup_stm32f30x.o [1]
  .text              ro code   0x800'0648     0x4  startup_stm32f30x.o [1]
  .text              ro code   0x800'064c     0x4  startup_stm32f30x.o [1]
  .text              ro code   0x800'0650     0x4  startup_stm32f30x.o [1]
  .text              ro code   0x800'0654     0x4  startup_stm32f30x.o [1]
  .rodata            const     0x800'0658     0x0  copy_init3.o [4]
                             - 0x800'0658   0x4d0

"P2", part 1 of 2:                            0x8
  P2-1                        0x2000'0000     0x6  <Init block>
    .data            inited   0x2000'0000     0x4  main.o [1]
    .data            inited   0x2000'0004     0x2  main.o [1]
                            - 0x2000'0006     0x6

"P2", part 2 of 2:                         0x2000
  CSTACK                      0x2000'0008  0x2000  <Block>
    CSTACK           uninit   0x2000'0008  0x2000  <Block tail>
                            - 0x2000'2008  0x2000

Unused ranges:

         From           To      Size
         ----           --      ----
   0x800'0658   0x803'ffff  0x3'f9a8
  0x2000'2008  0x2000'9fff    0x7ff8


*******************************************************************************
*** INIT TABLE
***

          Address      Size
          -------      ----
Copy (__iar_copy_init3)
    1 source range, total size 0x8 (133% of destination):
           0x800'0528   0x8
    1 destination range, total size 0x6:
          0x2000'0000   0x6



*******************************************************************************
*** MODULE SUMMARY
***

    Module               ro code  ro data  rw data
    ------               -------  -------  -------
command line/config:
    ----------------------------------------------
    Total:

C:\Users\Attilio\Documents\GitHub\MCU\src\PA0_EXTI\Debug\Obj: [1]
    main.o                   212        6        6
    startup_stm32f30x.o      704
    stm32f3x_api.o           182
    system_stm32f30x.o       280
    ----------------------------------------------
    Total:                 1'378        6        6

dl7M_tln.a: [2]
    exit.o                     4
    low_level_init.o           4
    ----------------------------------------------
    Total:                     8

m7M_tls.a: [3]
    fpinit_M.o                34
    ----------------------------------------------
    Total:                    34

rt7M_tl.a: [4]
    cexit.o                   10
    cmain.o                   30
    copy_init3.o              42
    cstartup_M.o              28
    data_init.o               40
    ----------------------------------------------
    Total:                   150

shb_l.a: [5]
    exit.o                    20
    ----------------------------------------------
    Total:                    20

    Gaps                       4        2
    Linker created                     22    8'192
--------------------------------------------------
    Grand Total:           1'594       30    8'198


*******************************************************************************
*** ENTRY LIST
***

Entry                       Address  Size  Type      Object
-----                       -------  ----  ----      ------
.iar.init_table$$Base    0x800'04a0         --   Gb  - Linker created -
.iar.init_table$$Limit   0x800'04b4         --   Gb  - Linker created -
?main                    0x800'04b5        Code  Gb  cmain.o [4]
CSTACK$$Base            0x2000'0008         --   Gb  - Linker created -
CSTACK$$Limit           0x2000'2008         --   Gb  - Linker created -
EXTI0_IRQHandler         0x800'0323  0x30  Code  Gb  main.o [1]
GPIO_MODE                0x800'038f  0x2a  Code  Gb  stm32f3x_api.o [1]
RCC_PCLK_AHBEN           0x800'0375  0x1a  Code  Gb  stm32f3x_api.o [1]
Region$$Table$$Base      0x800'04a0         --   Gb  - Linker created -
Region$$Table$$Limit     0x800'04b4         --   Gb  - Linker created -
SetSysClock              0x800'01df  0x9a  Code  Lc  system_stm32f30x.o [1]
SystemInit               0x800'0189  0x56  Code  Gb  system_stm32f30x.o [1]
__cmain                  0x800'04b5        Code  Gb  cmain.o [4]
__exit                   0x800'04e9  0x14  Code  Gb  exit.o [5]
__iar_copy_init3         0x800'042b  0x2a  Code  Gb  copy_init3.o [4]
__iar_data_init3         0x800'0455  0x28  Code  Gb  data_init.o [4]
__iar_init_vfp           0x800'047d        Code  Gb  fpinit_M.o [3]
__iar_program_start      0x800'04fd        Code  Gb  cstartup_M.o [4]
__low_level_init         0x800'04d3   0x4  Code  Gb  low_level_init.o [2]
__vector_table           0x800'0000        Data  Gb  startup_stm32f30x.o [1]
_call_main               0x800'04c1        Code  Gb  cmain.o [4]
_exit                    0x800'04dd        Code  Gb  cexit.o [4]
_index_NVIC_ISER        0x2000'0000   0x4  Data  Gb  main.o [1]
bit_pos_EXTI             0x800'0415   0xe  Code  Gb  stm32f3x_api.o [1]
bit_pos_GPIO_MODER       0x800'03b9   0xe  Code  Gb  stm32f3x_api.o [1]
exit                     0x800'04d7   0x4  Code  Gb  exit.o [2]
flag                    0x2000'0004   0x2  Data  Gb  main.o [1]
index_EXTI               0x800'040d   0x8  Code  Gb  stm32f3x_api.o [1]
index_NVIC_ISER          0x800'0423   0x8  Code  Gb  stm32f3x_api.o [1]
main                     0x800'02a1  0x82  Code  Gb  main.o [1]
set_SYSCFG_EXTI          0x800'03c7  0x3e  Code  Gb  stm32f3x_api.o [1]


[1] = C:\Users\Attilio\Documents\GitHub\MCU\src\PA0_EXTI\Debug\Obj
[2] = dl7M_tln.a
[3] = m7M_tls.a
[4] = rt7M_tl.a
[5] = shb_l.a

  1'594 bytes of readonly  code memory
     30 bytes of readonly  data memory
  8'198 bytes of readwrite data memory

Errors: none
Warnings: none
