###############################################################################
#
# IAR ELF Linker V9.20.4.327/W64 for ARM                  04/Jun/2022  12:47:40
# Copyright 2007-2022 IAR Systems AB.
#
#    Output file  =
#        C:\Users\Attilio\Documents\GitHub\MCU\src\PA0_EXTI\Debug\Exe\exti_PA0.out
#    Map file     =
#        C:\Users\Attilio\Documents\GitHub\MCU\src\PA0_EXTI\Debug\List\exti_PA0.map
#    Command line =
#        -f
#        C:\Users\Attilio\Documents\GitHub\MCU\src\PA0_EXTI\Debug\Exe\exti_PA0.out.rsp
#        (C:\Users\Attilio\Documents\GitHub\MCU\src\PA0_EXTI\Debug\Obj\main.o
#        C:\Users\Attilio\Documents\GitHub\MCU\src\PA0_EXTI\Debug\Obj\startup_stm32f30x.o
#        C:\Users\Attilio\Documents\GitHub\MCU\src\PA0_EXTI\Debug\Obj\stm32f3x_gpio_driver.o
#        C:\Users\Attilio\Documents\GitHub\MCU\src\PA0_EXTI\Debug\Obj\system_stm32f30x.o
#        --no_out_extension -o
#        C:\Users\Attilio\Documents\GitHub\MCU\src\PA0_EXTI\Debug\Exe\exti_PA0.out
#        --redirect _Printf=_PrintfFullNoMb --redirect _Scanf=_ScanfFullNoMb
#        --map
#        C:\Users\Attilio\Documents\GitHub\MCU\src\PA0_EXTI\Debug\List\exti_PA0.map
#        --config "C:\Program Files\IAR Systems\Embedded Workbench
#        9.0\arm\config\linker\ST\stm32f303xC.icf" --semihosting --entry
#        __iar_program_start --vfe --text_out locale)
#
###############################################################################

*******************************************************************************
*** RUNTIME MODEL ATTRIBUTES
***

CppFlavor       = *
__CPP_Runtime   = 1
__SystemLibrary = DLib
__dlib_version  = 6


*******************************************************************************
*** HEAP SELECTION
***

The basic heap was selected because some modules are built with
size limitations (and not runtime checking), and --advanced_heap
was not specified.


*******************************************************************************
*** PLACEMENT SUMMARY
***

"A0":  place at address 0x800'0000 { ro section .intvec };
"P1":  place in [from 0x800'0000 to 0x803'ffff] { ro };
define block CSTACK with size = 8K, alignment = 8 { };
define block HEAP with size = 8K, alignment = 8 { };
"P2":  place in [from 0x2000'0000 to 0x2000'9fff] {
          rw, block CSTACK, block HEAP };
initialize by copy { rw };

No sections matched the following patterns:

  section .ccmram  in "P3"


  Section            Kind         Address    Size  Object
  -------            ----         -------    ----  ------
"A0":                                       0x188
  .intvec            ro code   0x800'0000   0x188  startup_stm32f30x.o [1]
                             - 0x800'0188   0x188

"P1":                                       0x44c
  .text              ro code   0x800'0188   0x118  system_stm32f30x.o [1]
  .text              ro code   0x800'02a0    0xec  main.o [1]
  .text              ro code   0x800'038c    0x16  stm32f3x_gpio_driver.o [1]
  .text              ro code   0x800'03a2    0x2a  copy_init3.o [4]
  .text              ro code   0x800'03cc    0x28  data_init.o [4]
  .text              ro code   0x800'03f4    0x22  fpinit_M.o [3]
  .iar.init_table    const     0x800'0418    0x14  - Linker created -
  .text              ro code   0x800'042c    0x1e  cmain.o [4]
  .text              ro code   0x800'044a     0x4  low_level_init.o [2]
  .text              ro code   0x800'044e     0x4  exit.o [2]
  .text              ro code   0x800'0454     0xa  cexit.o [4]
  .text              ro code   0x800'0460    0x14  exit.o [5]
  .text              ro code   0x800'0474    0x1c  cstartup_M.o [4]
  .text              ro code   0x800'0490    0x10  startup_stm32f30x.o [1]
  Initializer bytes  const     0x800'04a0     0xc  <for P2-1>
  .text              ro code   0x800'04ac     0x4  startup_stm32f30x.o [1]
  .text              ro code   0x800'04b0     0x4  startup_stm32f30x.o [1]
  .text              ro code   0x800'04b4     0x4  startup_stm32f30x.o [1]
  .text              ro code   0x800'04b8     0x4  startup_stm32f30x.o [1]
  .text              ro code   0x800'04bc     0x4  startup_stm32f30x.o [1]
  .text              ro code   0x800'04c0     0x4  startup_stm32f30x.o [1]
  .text              ro code   0x800'04c4     0x4  startup_stm32f30x.o [1]
  .text              ro code   0x800'04c8     0x4  startup_stm32f30x.o [1]
  .text              ro code   0x800'04cc     0x4  startup_stm32f30x.o [1]
  .text              ro code   0x800'04d0     0x4  startup_stm32f30x.o [1]
  .text              ro code   0x800'04d4     0x4  startup_stm32f30x.o [1]
  .text              ro code   0x800'04d8     0x4  startup_stm32f30x.o [1]
  .text              ro code   0x800'04dc     0x4  startup_stm32f30x.o [1]
  .text              ro code   0x800'04e0     0x4  startup_stm32f30x.o [1]
  .text              ro code   0x800'04e4     0x4  startup_stm32f30x.o [1]
  .text              ro code   0x800'04e8     0x4  startup_stm32f30x.o [1]
  .text              ro code   0x800'04ec     0x4  startup_stm32f30x.o [1]
  .text              ro code   0x800'04f0     0x4  startup_stm32f30x.o [1]
  .text              ro code   0x800'04f4     0x4  startup_stm32f30x.o [1]
  .text              ro code   0x800'04f8     0x4  startup_stm32f30x.o [1]
  .text              ro code   0x800'04fc     0x4  startup_stm32f30x.o [1]
  .text              ro code   0x800'0500     0x4  startup_stm32f30x.o [1]
  .text              ro code   0x800'0504     0x4  startup_stm32f30x.o [1]
  .text              ro code   0x800'0508     0x4  startup_stm32f30x.o [1]
  .text              ro code   0x800'050c     0x4  startup_stm32f30x.o [1]
  .text              ro code   0x800'0510     0x4  startup_stm32f30x.o [1]
  .text              ro code   0x800'0514     0x4  startup_stm32f30x.o [1]
  .text              ro code   0x800'0518     0x4  startup_stm32f30x.o [1]
  .text              ro code   0x800'051c     0x4  startup_stm32f30x.o [1]
  .text              ro code   0x800'0520     0x4  startup_stm32f30x.o [1]
  .text              ro code   0x800'0524     0x4  startup_stm32f30x.o [1]
  .text              ro code   0x800'0528     0x4  startup_stm32f30x.o [1]
  .text              ro code   0x800'052c     0x4  startup_stm32f30x.o [1]
  .text              ro code   0x800'0530     0x4  startup_stm32f30x.o [1]
  .text              ro code   0x800'0534     0x4  startup_stm32f30x.o [1]
  .text              ro code   0x800'0538     0x4  startup_stm32f30x.o [1]
  .text              ro code   0x800'053c     0x4  startup_stm32f30x.o [1]
  .text              ro code   0x800'0540     0x4  startup_stm32f30x.o [1]
  .text              ro code   0x800'0544     0x4  startup_stm32f30x.o [1]
  .text              ro code   0x800'0548     0x4  startup_stm32f30x.o [1]
  .text              ro code   0x800'054c     0x4  startup_stm32f30x.o [1]
  .text              ro code   0x800'0550     0x4  startup_stm32f30x.o [1]
  .text              ro code   0x800'0554     0x4  startup_stm32f30x.o [1]
  .text              ro code   0x800'0558     0x4  startup_stm32f30x.o [1]
  .text              ro code   0x800'055c     0x4  startup_stm32f30x.o [1]
  .text              ro code   0x800'0560     0x4  startup_stm32f30x.o [1]
  .text              ro code   0x800'0564     0x4  startup_stm32f30x.o [1]
  .text              ro code   0x800'0568     0x4  startup_stm32f30x.o [1]
  .text              ro code   0x800'056c     0x4  startup_stm32f30x.o [1]
  .text              ro code   0x800'0570     0x4  startup_stm32f30x.o [1]
  .text              ro code   0x800'0574     0x4  startup_stm32f30x.o [1]
  .text              ro code   0x800'0578     0x4  startup_stm32f30x.o [1]
  .text              ro code   0x800'057c     0x4  startup_stm32f30x.o [1]
  .text              ro code   0x800'0580     0x4  startup_stm32f30x.o [1]
  .text              ro code   0x800'0584     0x4  startup_stm32f30x.o [1]
  .text              ro code   0x800'0588     0x4  startup_stm32f30x.o [1]
  .text              ro code   0x800'058c     0x4  startup_stm32f30x.o [1]
  .text              ro code   0x800'0590     0x4  startup_stm32f30x.o [1]
  .text              ro code   0x800'0594     0x4  startup_stm32f30x.o [1]
  .text              ro code   0x800'0598     0x4  startup_stm32f30x.o [1]
  .text              ro code   0x800'059c     0x4  startup_stm32f30x.o [1]
  .text              ro code   0x800'05a0     0x4  startup_stm32f30x.o [1]
  .text              ro code   0x800'05a4     0x4  startup_stm32f30x.o [1]
  .text              ro code   0x800'05a8     0x4  startup_stm32f30x.o [1]
  .text              ro code   0x800'05ac     0x4  startup_stm32f30x.o [1]
  .text              ro code   0x800'05b0     0x4  startup_stm32f30x.o [1]
  .text              ro code   0x800'05b4     0x4  startup_stm32f30x.o [1]
  .text              ro code   0x800'05b8     0x4  startup_stm32f30x.o [1]
  .text              ro code   0x800'05bc     0x4  startup_stm32f30x.o [1]
  .text              ro code   0x800'05c0     0x4  startup_stm32f30x.o [1]
  .text              ro code   0x800'05c4     0x4  startup_stm32f30x.o [1]
  .text              ro code   0x800'05c8     0x4  startup_stm32f30x.o [1]
  .text              ro code   0x800'05cc     0x4  startup_stm32f30x.o [1]
  .text              ro code   0x800'05d0     0x4  startup_stm32f30x.o [1]
  .rodata            const     0x800'05d4     0x0  copy_init3.o [4]
                             - 0x800'05d4   0x44c

"P2", part 1 of 2:                            0xc
  P2-1                        0x2000'0000     0xa  <Init block>
    .data            inited   0x2000'0000     0x4  main.o [1]
    .data            inited   0x2000'0004     0x4  main.o [1]
    .data            inited   0x2000'0008     0x2  main.o [1]
                            - 0x2000'000a     0xa

"P2", part 2 of 2:                         0x2000
  CSTACK                      0x2000'0010  0x2000  <Block>
    CSTACK           uninit   0x2000'0010  0x2000  <Block tail>
                            - 0x2000'2010  0x2000

Unused ranges:

         From           To      Size
         ----           --      ----
   0x800'05d4   0x803'ffff  0x3'fa2c
  0x2000'000c  0x2000'000f       0x4
  0x2000'2010  0x2000'9fff    0x7ff0


*******************************************************************************
*** INIT TABLE
***

          Address      Size
          -------      ----
Copy (__iar_copy_init3)
    1 source range, total size 0xc (120% of destination):
           0x800'04a0   0xc
    1 destination range, total size 0xa:
          0x2000'0000   0xa



*******************************************************************************
*** MODULE SUMMARY
***

    Module                  ro code  ro data  rw data
    ------                  -------  -------  -------
command line/config:
    -------------------------------------------------
    Total:

C:\Users\Attilio\Documents\GitHub\MCU\src\PA0_EXTI\Debug\Obj: [1]
    main.o                      236       10       10
    startup_stm32f30x.o         704
    stm32f3x_gpio_driver.o       22
    system_stm32f30x.o          280
    -------------------------------------------------
    Total:                    1'242       10       10

dl7M_tln.a: [2]
    exit.o                        4
    low_level_init.o              4
    -------------------------------------------------
    Total:                        8

m7M_tls.a: [3]
    fpinit_M.o                   34
    -------------------------------------------------
    Total:                       34

rt7M_tl.a: [4]
    cexit.o                      10
    cmain.o                      30
    copy_init3.o                 42
    cstartup_M.o                 28
    data_init.o                  40
    -------------------------------------------------
    Total:                      150

shb_l.a: [5]
    exit.o                       20
    -------------------------------------------------
    Total:                       20

    Gaps                          4        2
    Linker created                        22    8'192
-----------------------------------------------------
    Grand Total:              1'458       34    8'202


*******************************************************************************
*** ENTRY LIST
***

Entry                       Address  Size  Type      Object
-----                       -------  ----  ----      ------
.iar.init_table$$Base    0x800'0418         --   Gb  - Linker created -
.iar.init_table$$Limit   0x800'042c         --   Gb  - Linker created -
?main                    0x800'042d        Code  Gb  cmain.o [4]
CSTACK$$Base            0x2000'0010         --   Gb  - Linker created -
CSTACK$$Limit           0x2000'2010         --   Gb  - Linker created -
EXTI0_IRQHandler         0x800'0331  0x30  Code  Gb  main.o [1]
Region$$Table$$Base      0x800'0418         --   Gb  - Linker created -
Region$$Table$$Limit     0x800'042c         --   Gb  - Linker created -
SetSysClock              0x800'01df  0x9a  Code  Lc  system_stm32f30x.o [1]
SystemInit               0x800'0189  0x56  Code  Gb  system_stm32f30x.o [1]
__cmain                  0x800'042d        Code  Gb  cmain.o [4]
__exit                   0x800'0461  0x14  Code  Gb  exit.o [5]
__iar_copy_init3         0x800'03a3  0x2a  Code  Gb  copy_init3.o [4]
__iar_data_init3         0x800'03cd  0x28  Code  Gb  data_init.o [4]
__iar_init_vfp           0x800'03f5        Code  Gb  fpinit_M.o [3]
__iar_program_start      0x800'0475        Code  Gb  cstartup_M.o [4]
__low_level_init         0x800'044b   0x4  Code  Gb  low_level_init.o [2]
__vector_table           0x800'0000        Data  Gb  startup_stm32f30x.o [1]
_bit_pos_EXTI           0x2000'0004   0x4  Data  Gb  main.o [1]
_call_main               0x800'0439        Code  Gb  cmain.o [4]
_exit                    0x800'0455        Code  Gb  cexit.o [4]
_index_EXTI             0x2000'0000   0x4  Data  Gb  main.o [1]
bit_pos_EXTI             0x800'0395   0xe  Code  Gb  stm32f3x_gpio_driver.o [1]
exit                     0x800'044f   0x4  Code  Gb  exit.o [2]
flag                    0x2000'0008   0x2  Data  Gb  main.o [1]
index_EXTI               0x800'038d   0x8  Code  Gb  stm32f3x_gpio_driver.o [1]
main                     0x800'02a1  0x90  Code  Gb  main.o [1]


[1] = C:\Users\Attilio\Documents\GitHub\MCU\src\PA0_EXTI\Debug\Obj
[2] = dl7M_tln.a
[3] = m7M_tls.a
[4] = rt7M_tl.a
[5] = shb_l.a

  1'458 bytes of readonly  code memory
     34 bytes of readonly  data memory
  8'202 bytes of readwrite data memory

Errors: none
Warnings: none
