###############################################################################
#
# IAR ELF Linker V9.20.4.327/W64 for ARM                  02/Jun/2022  17:25:45
# Copyright 2007-2022 IAR Systems AB.
#
#    Output file  =
#        C:\Users\Attilio\Documents\GitHub\MCU\src\binary_counter\Debug\Exe\binarny_cnt.out
#    Map file     =
#        C:\Users\Attilio\Documents\GitHub\MCU\src\binary_counter\Debug\List\binarny_cnt.map
#    Command line =
#        -f
#        C:\Users\Attilio\Documents\GitHub\MCU\src\binary_counter\Debug\Exe\binarny_cnt.out.rsp
#        (C:\Users\Attilio\Documents\GitHub\MCU\src\binary_counter\Debug\Obj\main.o
#        --no_out_extension -o
#        C:\Users\Attilio\Documents\GitHub\MCU\src\binary_counter\Debug\Exe\binarny_cnt.out
#        --map
#        C:\Users\Attilio\Documents\GitHub\MCU\src\binary_counter\Debug\List\binarny_cnt.map
#        --config "C:\Program Files\IAR Systems\Embedded Workbench
#        9.0\arm\config\linker\ST\stm32f303xC.icf" --semihosting --entry
#        __iar_program_start --vfe --text_out locale)
#
###############################################################################

*******************************************************************************
*** RUNTIME MODEL ATTRIBUTES
***

CppFlavor       = *
__CPP_Runtime   = 1
__SystemLibrary = DLib
__dlib_version  = 6


*******************************************************************************
*** HEAP SELECTION
***

The basic heap was selected because some modules are built with
size limitations (and not runtime checking), and --advanced_heap
was not specified.


*******************************************************************************
*** PLACEMENT SUMMARY
***

"A0":  place at address 0x800'0000 { ro section .intvec };
"P1":  place in [from 0x800'0000 to 0x803'ffff] { ro };
define block CSTACK with size = 8K, alignment = 8 { };
define block HEAP with size = 8K, alignment = 8 { };
"P2":  place in [from 0x2000'0000 to 0x2000'9fff] {
          rw, block CSTACK, block HEAP };

No sections matched the following patterns:

  section .ccmram  in "P3"


  Section          Kind         Address    Size  Object
  -------          ----         -------    ----  ------
"A0":                                      0x40
  .intvec          ro code   0x800'0000    0x40  vector_table_M.o [4]
                           - 0x800'0040    0x40

"P1":                                     0x164
  .text            ro code   0x800'0040    0x68  main.o [1]
  .text            ro code   0x800'00a8    0x38  zero_init3.o [4]
  .text            ro code   0x800'00e0    0x28  data_init.o [4]
  .text            ro code   0x800'0108    0x22  fpinit_M.o [3]
  .iar.init_table  const     0x800'012c    0x10  - Linker created -
  .text            ro code   0x800'013c     0x2  vectortrap_M.o [4]
  .text            ro code   0x800'0140    0x1e  cmain.o [4]
  .text            ro code   0x800'015e     0x4  low_level_init.o [2]
  .text            ro code   0x800'0162     0x4  exit.o [2]
  .text            ro code   0x800'0168     0xa  cexit.o [4]
  .text            ro code   0x800'0174    0x14  exit.o [5]
  .text            ro code   0x800'0188    0x1c  cstartup_M.o [4]
  .rodata          const     0x800'01a4     0x0  zero_init3.o [4]
                           - 0x800'01a4   0x164

"P2", part 1 of 2:                          0x4
  .bss             zero     0x2000'0000     0x4  main.o [1]
                          - 0x2000'0004     0x4

"P2", part 2 of 2:                       0x2000
  CSTACK                    0x2000'0008  0x2000  <Block>
    CSTACK         uninit   0x2000'0008  0x2000  <Block tail>
                          - 0x2000'2008  0x2000

Unused ranges:

         From           To      Size
         ----           --      ----
   0x800'01a4   0x803'ffff  0x3'fe5c
  0x2000'0004  0x2000'0007       0x4
  0x2000'2008  0x2000'9fff    0x7ff8


*******************************************************************************
*** INIT TABLE
***

          Address      Size
          -------      ----
Zero (__iar_zero_init3)
    1 destination range, total size 0x4:
          0x2000'0000   0x4



*******************************************************************************
*** MODULE SUMMARY
***

    Module            ro code  ro data  rw data
    ------            -------  -------  -------
command line/config:
    -------------------------------------------
    Total:

C:\Users\Attilio\Documents\GitHub\MCU\src\binary_counter\Debug\Obj: [1]
    main.o                104                 4
    -------------------------------------------
    Total:                104                 4

dl7M_tln.a: [2]
    exit.o                  4
    low_level_init.o        4
    -------------------------------------------
    Total:                  8

m7M_tls.a: [3]
    fpinit_M.o             34
    -------------------------------------------
    Total:                 34

rt7M_tl.a: [4]
    cexit.o                10
    cmain.o                30
    cstartup_M.o           28
    data_init.o            40
    vector_table_M.o       64
    vectortrap_M.o          2
    zero_init3.o           56
    -------------------------------------------
    Total:                230

shb_l.a: [5]
    exit.o                 20
    -------------------------------------------
    Total:                 20

    Gaps                    6        2
    Linker created                  16    8'192
-----------------------------------------------
    Grand Total:          402       18    8'196


*******************************************************************************
*** ENTRY LIST
***

Entry                       Address  Size  Type      Object
-----                       -------  ----  ----      ------
.iar.init_table$$Base    0x800'012c         --   Gb  - Linker created -
.iar.init_table$$Limit   0x800'013c         --   Gb  - Linker created -
?main                    0x800'0141        Code  Gb  cmain.o [4]
BusFault_Handler         0x800'013d        Code  Wk  vectortrap_M.o [4]
CSTACK$$Base            0x2000'0008         --   Gb  - Linker created -
CSTACK$$Limit           0x2000'2008         --   Gb  - Linker created -
DebugMon_Handler         0x800'013d        Code  Wk  vectortrap_M.o [4]
HardFault_Handler        0x800'013d        Code  Wk  vectortrap_M.o [4]
MemManage_Handler        0x800'013d        Code  Wk  vectortrap_M.o [4]
NMI_Handler              0x800'013d        Code  Wk  vectortrap_M.o [4]
PendSV_Handler           0x800'013d        Code  Wk  vectortrap_M.o [4]
Region$$Table$$Base      0x800'012c         --   Gb  - Linker created -
Region$$Table$$Limit     0x800'013c         --   Gb  - Linker created -
SVC_Handler              0x800'013d        Code  Wk  vectortrap_M.o [4]
SysTick_Handler          0x800'013d        Code  Wk  vectortrap_M.o [4]
UsageFault_Handler       0x800'013d        Code  Wk  vectortrap_M.o [4]
__cmain                  0x800'0141        Code  Gb  cmain.o [4]
__exit                   0x800'0175  0x14  Code  Gb  exit.o [5]
__iar_data_init3         0x800'00e1  0x28  Code  Gb  data_init.o [4]
__iar_init_vfp           0x800'0109        Code  Gb  fpinit_M.o [3]
__iar_program_start      0x800'0189        Code  Gb  cstartup_M.o [4]
__iar_zero_init3         0x800'00a9  0x38  Code  Gb  zero_init3.o [4]
__low_level_init         0x800'015f   0x4  Code  Gb  low_level_init.o [2]
__vector_table           0x800'0000        Data  Gb  vector_table_M.o [4]
_call_main               0x800'014d        Code  Gb  cmain.o [4]
_exit                    0x800'0169        Code  Gb  cexit.o [4]
exit                     0x800'0163   0x4  Code  Gb  exit.o [2]
led_on                  0x2000'0000   0x4  Data  Gb  main.o [1]
main                     0x800'0041  0x68  Code  Gb  main.o [1]


[1] = C:\Users\Attilio\Documents\GitHub\MCU\src\binary_counter\Debug\Obj
[2] = dl7M_tln.a
[3] = m7M_tls.a
[4] = rt7M_tl.a
[5] = shb_l.a

    402 bytes of readonly  code memory
     18 bytes of readonly  data memory
  8'196 bytes of readwrite data memory

Errors: none
Warnings: none
