###############################################################################
#
# IAR ELF Linker V9.20.4.327/W64 for ARM                  05/Jun/2022  16:38:20
# Copyright 2007-2022 IAR Systems AB.
#
#    Output file  =
#        C:\Users\Attilio\Documents\GitHub\MCU\src\binary_counter\Debug\Exe\binarny_cnt.out
#    Map file     =
#        C:\Users\Attilio\Documents\GitHub\MCU\src\binary_counter\Debug\List\binarny_cnt.map
#    Command line =
#        -f
#        C:\Users\Attilio\Documents\GitHub\MCU\src\binary_counter\Debug\Exe\binarny_cnt.out.rsp
#        (C:\Users\Attilio\Documents\GitHub\MCU\src\binary_counter\Debug\Obj\main.o
#        C:\Users\Attilio\Documents\GitHub\MCU\src\binary_counter\Debug\Obj\stm32f3x_api.o
#        --no_out_extension -o
#        C:\Users\Attilio\Documents\GitHub\MCU\src\binary_counter\Debug\Exe\binarny_cnt.out
#        --map
#        C:\Users\Attilio\Documents\GitHub\MCU\src\binary_counter\Debug\List\binarny_cnt.map
#        --config "C:\Program Files\IAR Systems\Embedded Workbench
#        9.0\arm\config\linker\ST\stm32f303xC.icf" --semihosting --entry
#        __iar_program_start --vfe --text_out locale)
#
###############################################################################

*******************************************************************************
*** RUNTIME MODEL ATTRIBUTES
***

CppFlavor       = *
__CPP_Runtime   = 1
__SystemLibrary = DLib
__dlib_version  = 6


*******************************************************************************
*** HEAP SELECTION
***

The basic heap was selected because some modules are built with
size limitations (and not runtime checking), and --advanced_heap
was not specified.


*******************************************************************************
*** PLACEMENT SUMMARY
***

"A0":  place at address 0x800'0000 { ro section .intvec };
"P1":  place in [from 0x800'0000 to 0x803'ffff] { ro };
define block CSTACK with size = 8K, alignment = 8 { };
define block HEAP with size = 8K, alignment = 8 { };
"P2":  place in [from 0x2000'0000 to 0x2000'9fff] {
          rw, block CSTACK, block HEAP };
initialize by copy { rw };

No sections matched the following patterns:

  section .ccmram  in "P3"


  Section            Kind         Address    Size  Object
  -------            ----         -------    ----  ------
"A0":                                        0x40
  .intvec            ro code   0x800'0000    0x40  vector_table_M.o [4]
                             - 0x800'0040    0x40

"P1":                                       0x184
  .text              ro code   0x800'0040    0x7c  main.o [1]
  .text              ro code   0x800'00bc     0xe  stm32f3x_api.o [1]
  .text              ro code   0x800'00ca    0x2a  copy_init3.o [4]
  .text              ro code   0x800'00f4    0x28  data_init.o [4]
  .text              ro code   0x800'011c    0x22  fpinit_M.o [3]
  .iar.init_table    const     0x800'0140    0x14  - Linker created -
  .text              ro code   0x800'0154     0x2  vectortrap_M.o [4]
  .text              ro code   0x800'0158    0x1e  cmain.o [4]
  .text              ro code   0x800'0176     0x4  low_level_init.o [2]
  .text              ro code   0x800'017a     0x4  exit.o [2]
  .text              ro code   0x800'0180     0xa  cexit.o [4]
  .text              ro code   0x800'018c    0x14  exit.o [5]
  .text              ro code   0x800'01a0    0x1c  cstartup_M.o [4]
  Initializer bytes  const     0x800'01bc     0x8  <for P2-1>
  .rodata            const     0x800'01c4     0x0  copy_init3.o [4]
                             - 0x800'01c4   0x184

"P2", part 1 of 2:                            0x8
  P2-1                        0x2000'0000     0x8  <Init block>
    .data            inited   0x2000'0000     0x4  main.o [1]
    .bss             inited   0x2000'0004     0x4  main.o [1]
                            - 0x2000'0008     0x8

"P2", part 2 of 2:                         0x2000
  CSTACK                      0x2000'0008  0x2000  <Block>
    CSTACK           uninit   0x2000'0008  0x2000  <Block tail>
                            - 0x2000'2008  0x2000

Unused ranges:

         From           To      Size
         ----           --      ----
   0x800'01c4   0x803'ffff  0x3'fe3c
  0x2000'2008  0x2000'9fff    0x7ff8


*******************************************************************************
*** INIT TABLE
***

          Address      Size
          -------      ----
Copy (__iar_copy_init3)
    1 source range, total size 0x8:
           0x800'01bc   0x8
    1 destination range, total size 0x8:
          0x2000'0000   0x8



*******************************************************************************
*** MODULE SUMMARY
***

    Module            ro code  ro data  rw data
    ------            -------  -------  -------
command line/config:
    -------------------------------------------
    Total:

C:\Users\Attilio\Documents\GitHub\MCU\src\binary_counter\Debug\Obj: [1]
    main.o                124        8        8
    stm32f3x_api.o         14
    -------------------------------------------
    Total:                138        8        8

dl7M_tln.a: [2]
    exit.o                  4
    low_level_init.o        4
    -------------------------------------------
    Total:                  8

m7M_tls.a: [3]
    fpinit_M.o             34
    -------------------------------------------
    Total:                 34

rt7M_tl.a: [4]
    cexit.o                10
    cmain.o                30
    copy_init3.o           42
    cstartup_M.o           28
    data_init.o            40
    vector_table_M.o       64
    vectortrap_M.o          2
    -------------------------------------------
    Total:                216

shb_l.a: [5]
    exit.o                 20
    -------------------------------------------
    Total:                 20

    Gaps                    6        2
    Linker created                  20    8'192
-----------------------------------------------
    Grand Total:          422       30    8'200


*******************************************************************************
*** ENTRY LIST
***

Entry                       Address  Size  Type      Object
-----                       -------  ----  ----      ------
.iar.init_table$$Base    0x800'0140         --   Gb  - Linker created -
.iar.init_table$$Limit   0x800'0154         --   Gb  - Linker created -
?main                    0x800'0159        Code  Gb  cmain.o [4]
BusFault_Handler         0x800'0155        Code  Wk  vectortrap_M.o [4]
CSTACK$$Base            0x2000'0008         --   Gb  - Linker created -
CSTACK$$Limit           0x2000'2008         --   Gb  - Linker created -
DebugMon_Handler         0x800'0155        Code  Wk  vectortrap_M.o [4]
HardFault_Handler        0x800'0155        Code  Wk  vectortrap_M.o [4]
MemManage_Handler        0x800'0155        Code  Wk  vectortrap_M.o [4]
NMI_Handler              0x800'0155        Code  Wk  vectortrap_M.o [4]
PendSV_Handler           0x800'0155        Code  Wk  vectortrap_M.o [4]
Region$$Table$$Base      0x800'0140         --   Gb  - Linker created -
Region$$Table$$Limit     0x800'0154         --   Gb  - Linker created -
SVC_Handler              0x800'0155        Code  Wk  vectortrap_M.o [4]
SysTick_Handler          0x800'0155        Code  Wk  vectortrap_M.o [4]
UsageFault_Handler       0x800'0155        Code  Wk  vectortrap_M.o [4]
__cmain                  0x800'0159        Code  Gb  cmain.o [4]
__exit                   0x800'018d  0x14  Code  Gb  exit.o [5]
__iar_copy_init3         0x800'00cb  0x2a  Code  Gb  copy_init3.o [4]
__iar_data_init3         0x800'00f5  0x28  Code  Gb  data_init.o [4]
__iar_init_vfp           0x800'011d        Code  Gb  fpinit_M.o [3]
__iar_program_start      0x800'01a1        Code  Gb  cstartup_M.o [4]
__low_level_init         0x800'0177   0x4  Code  Gb  low_level_init.o [2]
__vector_table           0x800'0000        Data  Gb  vector_table_M.o [4]
_bit_pos_GPIO_MODE      0x2000'0000   0x4  Data  Gb  main.o [1]
_call_main               0x800'0165        Code  Gb  cmain.o [4]
_exit                    0x800'0181        Code  Gb  cexit.o [4]
bit_pos_GPIO_MODER       0x800'00bd   0xe  Code  Gb  stm32f3x_api.o [1]
exit                     0x800'017b   0x4  Code  Gb  exit.o [2]
led_on                  0x2000'0004   0x4  Data  Gb  main.o [1]
main                     0x800'0041  0x7c  Code  Gb  main.o [1]


[1] = C:\Users\Attilio\Documents\GitHub\MCU\src\binary_counter\Debug\Obj
[2] = dl7M_tln.a
[3] = m7M_tls.a
[4] = rt7M_tl.a
[5] = shb_l.a

    422 bytes of readonly  code memory
     30 bytes of readonly  data memory
  8'200 bytes of readwrite data memory

Errors: none
Warnings: none
