###############################################################################
#
# IAR ELF Linker V9.20.4.327/W64 for ARM                  08/Jun/2022  10:10:07
# Copyright 2007-2022 IAR Systems AB.
#
#    Output file  =
#        C:\Users\Attilio\Documents\GitHub\MCU\src\led_on_timer\Debug\Exe\led_on_timer.out
#    Map file     =
#        C:\Users\Attilio\Documents\GitHub\MCU\src\led_on_timer\Debug\List\led_on_timer.map
#    Command line =
#        -f
#        C:\Users\Attilio\Documents\GitHub\MCU\src\led_on_timer\Debug\Exe\led_on_timer.out.rsp
#        (C:\Users\Attilio\Documents\GitHub\MCU\src\led_on_timer\Debug\Obj\main.o
#        C:\Users\Attilio\Documents\GitHub\MCU\src\led_on_timer\Debug\Obj\stm32f3x_api.o
#        --no_out_extension -o
#        C:\Users\Attilio\Documents\GitHub\MCU\src\led_on_timer\Debug\Exe\led_on_timer.out
#        --redirect _Printf=_PrintfFullNoMb --redirect _Scanf=_ScanfFullNoMb
#        --map
#        C:\Users\Attilio\Documents\GitHub\MCU\src\led_on_timer\Debug\List\led_on_timer.map
#        --config "C:\Program Files\IAR Systems\Embedded Workbench
#        9.0\arm\config\linker\ST\stm32f303xC.icf" --semihosting --entry
#        __iar_program_start --vfe --text_out locale)
#
###############################################################################

*******************************************************************************
*** RUNTIME MODEL ATTRIBUTES
***

CppFlavor       = *
__CPP_Runtime   = 1
__SystemLibrary = DLib
__dlib_version  = 6


*******************************************************************************
*** HEAP SELECTION
***

The basic heap was selected because some modules are built with
size limitations (and not runtime checking), and --advanced_heap
was not specified.


*******************************************************************************
*** PLACEMENT SUMMARY
***

"A0":  place at address 0x800'0000 { ro section .intvec };
"P1":  place in [from 0x800'0000 to 0x803'ffff] { ro };
define block CSTACK with size = 8K, alignment = 8 { };
define block HEAP with size = 8K, alignment = 8 { };
"P2":  place in [from 0x2000'0000 to 0x2000'9fff] {
          rw, block CSTACK, block HEAP };

No sections matched the following patterns:

  section .ccmram  in "P3"


  Section          Kind         Address    Size  Object
  -------          ----         -------    ----  ------
"A0":                                      0x40
  .intvec          ro code   0x800'0000    0x40  vector_table_M.o [4]
                           - 0x800'0040    0x40

"P1":                                     0x204
  .text            ro code   0x800'0040    0x90  main.o [1]
  .text            ro code   0x800'00d0    0x78  stm32f3x_api.o [1]
  .text            ro code   0x800'0148    0x38  zero_init3.o [4]
  .text            ro code   0x800'0180    0x28  data_init.o [4]
  .text            ro code   0x800'01a8    0x22  fpinit_M.o [3]
  .iar.init_table  const     0x800'01cc    0x10  - Linker created -
  .text            ro code   0x800'01dc     0x2  vectortrap_M.o [4]
  .text            ro code   0x800'01e0    0x1e  cmain.o [4]
  .text            ro code   0x800'01fe     0x4  low_level_init.o [2]
  .text            ro code   0x800'0202     0x4  exit.o [2]
  .text            ro code   0x800'0208     0xa  cexit.o [4]
  .text            ro code   0x800'0214    0x14  exit.o [5]
  .text            ro code   0x800'0228    0x1c  cstartup_M.o [4]
  .rodata          const     0x800'0244     0x0  zero_init3.o [4]
                           - 0x800'0244   0x204

"P2", part 1 of 2:                          0x4
  .bss             zero     0x2000'0000     0x4  main.o [1]
                          - 0x2000'0004     0x4

"P2", part 2 of 2:                       0x2000
  CSTACK                    0x2000'0008  0x2000  <Block>
    CSTACK         uninit   0x2000'0008  0x2000  <Block tail>
                          - 0x2000'2008  0x2000

Unused ranges:

         From           To      Size
         ----           --      ----
   0x800'0244   0x803'ffff  0x3'fdbc
  0x2000'0004  0x2000'0007       0x4
  0x2000'2008  0x2000'9fff    0x7ff8


*******************************************************************************
*** INIT TABLE
***

          Address      Size
          -------      ----
Zero (__iar_zero_init3)
    1 destination range, total size 0x4:
          0x2000'0000   0x4



*******************************************************************************
*** MODULE SUMMARY
***

    Module            ro code  ro data  rw data
    ------            -------  -------  -------
command line/config:
    -------------------------------------------
    Total:

C:\Users\Attilio\Documents\GitHub\MCU\src\led_on_timer\Debug\Obj: [1]
    main.o                144                 4
    stm32f3x_api.o        120
    -------------------------------------------
    Total:                264                 4

dl7M_tln.a: [2]
    exit.o                  4
    low_level_init.o        4
    -------------------------------------------
    Total:                  8

m7M_tls.a: [3]
    fpinit_M.o             34
    -------------------------------------------
    Total:                 34

rt7M_tl.a: [4]
    cexit.o                10
    cmain.o                30
    cstartup_M.o           28
    data_init.o            40
    vector_table_M.o       64
    vectortrap_M.o          2
    zero_init3.o           56
    -------------------------------------------
    Total:                230

shb_l.a: [5]
    exit.o                 20
    -------------------------------------------
    Total:                 20

    Gaps                    6        2
    Linker created                  16    8'192
-----------------------------------------------
    Grand Total:          562       18    8'196


*******************************************************************************
*** ENTRY LIST
***

Entry                       Address  Size  Type      Object
-----                       -------  ----  ----      ------
.iar.init_table$$Base    0x800'01cc         --   Gb  - Linker created -
.iar.init_table$$Limit   0x800'01dc         --   Gb  - Linker created -
?main                    0x800'01e1        Code  Gb  cmain.o [4]
BusFault_Handler         0x800'01dd        Code  Wk  vectortrap_M.o [4]
CNT_EN_TIM               0x800'0123  0x1c  Code  Gb  stm32f3x_api.o [1]
CSTACK$$Base            0x2000'0008         --   Gb  - Linker created -
CSTACK$$Limit           0x2000'2008         --   Gb  - Linker created -
DebugMon_Handler         0x800'01dd        Code  Wk  vectortrap_M.o [4]
GPIOE_OUTMODE            0x800'0105  0x1e  Code  Gb  stm32f3x_api.o [1]
HardFault_Handler        0x800'01dd        Code  Wk  vectortrap_M.o [4]
MemManage_Handler        0x800'01dd        Code  Wk  vectortrap_M.o [4]
NMI_Handler              0x800'01dd        Code  Wk  vectortrap_M.o [4]
PendSV_Handler           0x800'01dd        Code  Wk  vectortrap_M.o [4]
RCC_PCLK_AHBEN           0x800'00d1  0x1a  Code  Gb  stm32f3x_api.o [1]
RCC_PCLK_APB1EN          0x800'00eb  0x1a  Code  Gb  stm32f3x_api.o [1]
Region$$Table$$Base      0x800'01cc         --   Gb  - Linker created -
Region$$Table$$Limit     0x800'01dc         --   Gb  - Linker created -
SVC_Handler              0x800'01dd        Code  Wk  vectortrap_M.o [4]
SysTick_Handler          0x800'01dd        Code  Wk  vectortrap_M.o [4]
UsageFault_Handler       0x800'01dd        Code  Wk  vectortrap_M.o [4]
__cmain                  0x800'01e1        Code  Gb  cmain.o [4]
__exit                   0x800'0215  0x14  Code  Gb  exit.o [5]
__iar_data_init3         0x800'0181  0x28  Code  Gb  data_init.o [4]
__iar_init_vfp           0x800'01a9        Code  Gb  fpinit_M.o [3]
__iar_program_start      0x800'0229        Code  Gb  cstartup_M.o [4]
__iar_zero_init3         0x800'0149  0x38  Code  Gb  zero_init3.o [4]
__low_level_init         0x800'01ff   0x4  Code  Gb  low_level_init.o [2]
__vector_table           0x800'0000        Data  Gb  vector_table_M.o [4]
_call_main               0x800'01ed        Code  Gb  cmain.o [4]
_exit                    0x800'0209        Code  Gb  cexit.o [4]
exit                     0x800'0203   0x4  Code  Gb  exit.o [2]
flag                    0x2000'0000   0x4  Data  Gb  main.o [1]
main                     0x800'0041  0x90  Code  Gb  main.o [1]


[1] = C:\Users\Attilio\Documents\GitHub\MCU\src\led_on_timer\Debug\Obj
[2] = dl7M_tln.a
[3] = m7M_tls.a
[4] = rt7M_tl.a
[5] = shb_l.a

    562 bytes of readonly  code memory
     18 bytes of readonly  data memory
  8'196 bytes of readwrite data memory

Errors: none
Warnings: none
